<p>Look at: <code>http://someurl.com</code> and text.</p>